WARNING:root:Device 'None' is not available. Switching to 'cuda'.
tasks: ['put the red cube in the left bin', 'put the blue sphere in the right bin', 'put the green cylinder in the left bin']
WARNING:root:'torchcodec' is not available in your platform, falling back to 'pyav' as a default decoder
step 0 loss 93.1418 (6s) {'l1_loss': 0.8974849581718445, 'kld_loss': 9.224433898925781}
step 200 loss 2.0420 (98s) {'l1_loss': 0.3722690939903259, 'kld_loss': 0.1669684499502182}
step 400 loss 1.1052 (188s) {'l1_loss': 0.2117985039949417, 'kld_loss': 0.08934430778026581}
step 600 loss 0.6066 (279s) {'l1_loss': 0.13535726070404053, 'kld_loss': 0.0471201129257679}
step 800 loss 0.4611 (375s) {'l1_loss': 0.11873345077037811, 'kld_loss': 0.03423960506916046}
step 1000 loss 0.2947 (470s) {'l1_loss': 0.07588870823383331, 'kld_loss': 0.021881215274333954}
step 1200 loss 0.2627 (560s) {'l1_loss': 0.08361238241195679, 'kld_loss': 0.017906002700328827}
step 1400 loss 0.2110 (652s) {'l1_loss': 0.07328140735626221, 'kld_loss': 0.013769055716693401}
step 1600 loss 0.1717 (747s) {'l1_loss': 0.0670100674033165, 'kld_loss': 0.010466618463397026}
step 1800 loss 0.1579 (841s) {'l1_loss': 0.06598889082670212, 'kld_loss': 0.009190968237817287}
step 2000 loss 0.1571 (933s) {'l1_loss': 0.07042514532804489, 'kld_loss': 0.00866337027400732}
step 2200 loss 0.1451 (1026s) {'l1_loss': 0.0647292509675026, 'kld_loss': 0.008034626953303814}
step 2400 loss 0.1255 (1125s) {'l1_loss': 0.05839422345161438, 'kld_loss': 0.006711352616548538}
step 2600 loss 0.1151 (1222s) {'l1_loss': 0.05508889630436897, 'kld_loss': 0.00599722471088171}
step 2800 loss 0.1110 (1315s) {'l1_loss': 0.053449951112270355, 'kld_loss': 0.005751061253249645}
step 3000 loss 0.0974 (1407s) {'l1_loss': 0.04685181751847267, 'kld_loss': 0.005054335109889507}
step 3200 loss 0.0882 (1501s) {'l1_loss': 0.04922376573085785, 'kld_loss': 0.003899209201335907}
step 3400 loss 0.0851 (1594s) {'l1_loss': 0.04845155030488968, 'kld_loss': 0.003663351759314537}
step 3600 loss 0.0863 (1686s) {'l1_loss': 0.0460018552839756, 'kld_loss': 0.004029468633234501}
step 3800 loss 0.0907 (1777s) {'l1_loss': 0.049930986016988754, 'kld_loss': 0.004081890918314457}
step 4000 loss 0.0724 (1868s) {'l1_loss': 0.04416359215974808, 'kld_loss': 0.0028215441852808}
step 4200 loss 0.0704 (1964s) {'l1_loss': 0.04395001381635666, 'kld_loss': 0.002649889327585697}
step 4400 loss 0.0630 (2059s) {'l1_loss': 0.03627598658204079, 'kld_loss': 0.0026717623695731163}
step 4600 loss 0.0668 (2153s) {'l1_loss': 0.04243234917521477, 'kld_loss': 0.002434861846268177}
step 4800 loss 0.0662 (2248s) {'l1_loss': 0.04391058534383774, 'kld_loss': 0.0022291531786322594}
step 5000 loss 0.0591 (2340s) {'l1_loss': 0.04069769009947777, 'kld_loss': 0.0018374081701040268}
checkpoint -> ckpt\act_lang_step5000
step 5200 loss 0.0580 (2435s) {'l1_loss': 0.03919106349349022, 'kld_loss': 0.0018849875777959824}
step 5400 loss 0.0582 (2531s) {'l1_loss': 0.03808737173676491, 'kld_loss': 0.002014574594795704}
step 5600 loss 0.0509 (2627s) {'l1_loss': 0.036876700818538666, 'kld_loss': 0.0014043161645531654}
step 5800 loss 0.0538 (2722s) {'l1_loss': 0.03814336284995079, 'kld_loss': 0.0015622619539499283}
step 6000 loss 0.0517 (2817s) {'l1_loss': 0.03792567178606987, 'kld_loss': 0.00137428380548954}
step 6200 loss 0.0508 (2914s) {'l1_loss': 0.03924579173326492, 'kld_loss': 0.0011517666280269623}
step 6400 loss 0.0480 (3008s) {'l1_loss': 0.036426201462745667, 'kld_loss': 0.0011575119569897652}
step 6600 loss 0.0536 (3105s) {'l1_loss': 0.04255491867661476, 'kld_loss': 0.001100463792681694}
step 6800 loss 0.0434 (3200s) {'l1_loss': 0.03344299644231796, 'kld_loss': 0.0009938385337591171}
step 7000 loss 0.0406 (3292s) {'l1_loss': 0.03169940039515495, 'kld_loss': 0.0008938945829868317}
step 7200 loss 0.0385 (3389s) {'l1_loss': 0.03183518350124359, 'kld_loss': 0.0006631482392549515}
step 7400 loss 0.0384 (3488s) {'l1_loss': 0.030248120427131653, 'kld_loss': 0.000815587118268013}
step 7600 loss 0.0394 (3583s) {'l1_loss': 0.032897595316171646, 'kld_loss': 0.000653349794447422}
step 7800 loss 0.0381 (3680s) {'l1_loss': 0.03273969888687134, 'kld_loss': 0.0005391854792833328}
step 8000 loss 0.0353 (3773s) {'l1_loss': 0.029926365241408348, 'kld_loss': 0.0005361875519156456}
step 8200 loss 0.0390 (3867s) {'l1_loss': 0.03302987664937973, 'kld_loss': 0.0006004553288221359}
step 8400 loss 0.0299 (3962s) {'l1_loss': 0.025381049141287804, 'kld_loss': 0.00044936686754226685}
