WARNING:root:Device 'None' is not available. Switching to 'cuda'.
tasks: ['put the red cube in the left bin', 'put the blue sphere in the right bin', 'put the green cylinder in the left bin']
Loading weights from local directory
resumed weights from ckpt/act_v2_step4000
WARNING:root:'torchcodec' is not available in your platform, falling back to 'pyav' as a default decoder
step 0 loss 0.0922 (5s) {'l1_loss': 0.05939764901995659, 'kld_loss': 0.0032794568687677383}
step 200 loss 0.0734 (97s) {'l1_loss': 0.04587249457836151, 'kld_loss': 0.002748629078269005}
step 400 loss 0.0749 (183s) {'l1_loss': 0.05288209766149521, 'kld_loss': 0.0022004088386893272}
step 600 loss 0.0827 (273s) {'l1_loss': 0.06294506788253784, 'kld_loss': 0.001973572187125683}
step 800 loss 0.0647 (361s) {'l1_loss': 0.044015709310770035, 'kld_loss': 0.0020717503502964973}
step 1000 loss 0.0752 (450s) {'l1_loss': 0.05964628979563713, 'kld_loss': 0.0015550050884485245}
step 1200 loss 0.0665 (539s) {'l1_loss': 0.054027851670980453, 'kld_loss': 0.0012447396293282509}
step 1400 loss 0.0542 (627s) {'l1_loss': 0.043932609260082245, 'kld_loss': 0.0010263258591294289}
step 1600 loss 0.0444 (716s) {'l1_loss': 0.03489591181278229, 'kld_loss': 0.0009514503180980682}
step 1800 loss 0.0573 (806s) {'l1_loss': 0.04847109317779541, 'kld_loss': 0.0008819736540317535}
step 2000 loss 0.0560 (895s) {'l1_loss': 0.04476330056786537, 'kld_loss': 0.0011255154386162758}
checkpoint -> ckpt/act_v2_step6000
step 2200 loss 0.0537 (987s) {'l1_loss': 0.04429233446717262, 'kld_loss': 0.0009400583803653717}
step 2400 loss 0.0429 (1076s) {'l1_loss': 0.03428249433636665, 'kld_loss': 0.0008613364771008492}
step 2600 loss 0.0464 (1167s) {'l1_loss': 0.041255030781030655, 'kld_loss': 0.0005107847973704338}
step 2800 loss 0.0577 (1258s) {'l1_loss': 0.0527510941028595, 'kld_loss': 0.0004937732592225075}
step 3000 loss 0.0461 (1348s) {'l1_loss': 0.04170827195048332, 'kld_loss': 0.0004429025575518608}
step 3200 loss 0.0402 (1437s) {'l1_loss': 0.033348944038152695, 'kld_loss': 0.000688040629029274}
step 3400 loss 0.0323 (1525s) {'l1_loss': 0.028948046267032623, 'kld_loss': 0.0003369580954313278}
step 3600 loss 0.0357 (1614s) {'l1_loss': 0.031012339517474174, 'kld_loss': 0.00046606920659542084}
step 3800 loss 0.0395 (1704s) {'l1_loss': 0.03659182786941528, 'kld_loss': 0.00028975214809179306}
step 4000 loss 0.0367 (1794s) {'l1_loss': 0.03334040567278862, 'kld_loss': 0.00033937860280275345}
checkpoint -> ckpt/act_v2_step8000
step 4200 loss 0.0378 (1884s) {'l1_loss': 0.0343487523496151, 'kld_loss': 0.000347641296684742}
step 4400 loss 0.0342 (1972s) {'l1_loss': 0.031851328909397125, 'kld_loss': 0.00023822207003831863}
step 4600 loss 0.0348 (2060s) {'l1_loss': 0.0321245901286602, 'kld_loss': 0.0002700071781873703}
step 4800 loss 0.0425 (2150s) {'l1_loss': 0.040763694792985916, 'kld_loss': 0.00017311889678239822}
step 5000 loss 0.0395 (2241s) {'l1_loss': 0.03778251260519028, 'kld_loss': 0.0001707589253783226}
step 5200 loss 0.0318 (2331s) {'l1_loss': 0.03003607876598835, 'kld_loss': 0.00017627421766519547}
step 5400 loss 0.0349 (2420s) {'l1_loss': 0.03263784199953079, 'kld_loss': 0.0002260366454720497}
step 5600 loss 0.0331 (2506s) {'l1_loss': 0.031423188745975494, 'kld_loss': 0.00017257779836654663}
step 5800 loss 0.0380 (2596s) {'l1_loss': 0.036543890833854675, 'kld_loss': 0.00014062132686376572}
step 6000 loss 0.0331 (2686s) {'l1_loss': 0.028956705704331398, 'kld_loss': 0.0004167817533016205}
checkpoint -> ckpt/act_v2_step10000
step 6200 loss 0.0284 (2776s) {'l1_loss': 0.026773879304528236, 'kld_loss': 0.00016203336417675018}
step 6400 loss 0.0350 (2865s) {'l1_loss': 0.03417780622839928, 'kld_loss': 8.439458906650543e-05}
step 6600 loss 0.0339 (2953s) {'l1_loss': 0.03298252075910568, 'kld_loss': 9.596720337867737e-05}
step 6800 loss 0.0321 (3041s) {'l1_loss': 0.03104587085545063, 'kld_loss': 0.00010590348392724991}
step 7000 loss 0.0255 (3131s) {'l1_loss': 0.024186979979276657, 'kld_loss': 0.00013588648289442062}
step 7200 loss 0.0260 (3220s) {'l1_loss': 0.02530212700366974, 'kld_loss': 7.442012429237366e-05}
step 7400 loss 0.0341 (3314s) {'l1_loss': 0.03348931670188904, 'kld_loss': 6.482843309640884e-05}
step 7600 loss 0.0303 (3404s) {'l1_loss': 0.029422422870993614, 'kld_loss': 8.308887481689453e-05}
step 7800 loss 0.0260 (3492s) {'l1_loss': 0.025369295850396156, 'kld_loss': 6.351247429847717e-05}
step 8000 loss 0.0293 (3580s) {'l1_loss': 0.02854505367577076, 'kld_loss': 7.936079055070877e-05}
checkpoint -> ckpt/act_v2_step12000
step 8200 loss 0.0369 (3669s) {'l1_loss': 0.036206234246492386, 'kld_loss': 6.583891808986664e-05}
step 8400 loss 0.0288 (3758s) {'l1_loss': 0.028065573424100876, 'kld_loss': 7.0180743932724e-05}
