WARNING:root:Device 'None' is not available. Switching to 'cuda'.
tasks: ['put the red cube in the left bin', 'put the blue sphere in the right bin', 'put the green cylinder in the left bin']
Loading weights from local directory
resumed weights from ckpt/act_lang_step5000
WARNING:root:'torchcodec' is not available in your platform, falling back to 'pyav' as a default decoder
step 0 loss 0.0667 (6s) {'l1_loss': 0.04310796782374382, 'kld_loss': 0.0023552030324935913}
step 200 loss 0.0639 (96s) {'l1_loss': 0.0402059443295002, 'kld_loss': 0.0023665158078074455}
step 400 loss 0.0591 (184s) {'l1_loss': 0.04217628762125969, 'kld_loss': 0.0016948599368333817}
step 600 loss 0.0517 (275s) {'l1_loss': 0.036183614283800125, 'kld_loss': 0.0015485147014260292}
step 800 loss 0.0629 (367s) {'l1_loss': 0.04702731594443321, 'kld_loss': 0.0015914738178253174}
step 1000 loss 0.0485 (458s) {'l1_loss': 0.035693343728780746, 'kld_loss': 0.0012809941545128822}
step 1200 loss 0.0495 (547s) {'l1_loss': 0.03881068155169487, 'kld_loss': 0.0010681236162781715}
step 1400 loss 0.0515 (635s) {'l1_loss': 0.04171280562877655, 'kld_loss': 0.0009788591414690018}
step 1600 loss 0.0427 (728s) {'l1_loss': 0.03202483430504799, 'kld_loss': 0.0010675042867660522}
step 1800 loss 0.0379 (820s) {'l1_loss': 0.031363632529973984, 'kld_loss': 0.0006531151011586189}
step 2000 loss 0.0427 (914s) {'l1_loss': 0.03679211065173149, 'kld_loss': 0.0005919225513935089}
step 2200 loss 0.0403 (1004s) {'l1_loss': 0.03378636762499809, 'kld_loss': 0.0006468156352639198}
step 2400 loss 0.0418 (1096s) {'l1_loss': 0.03650272637605667, 'kld_loss': 0.0005280766636133194}
step 2600 loss 0.0388 (1189s) {'l1_loss': 0.03335722163319588, 'kld_loss': 0.0005396530032157898}
step 2800 loss 0.0394 (1281s) {'l1_loss': 0.033019863069057465, 'kld_loss': 0.000634489580988884}
step 3000 loss 0.0379 (1372s) {'l1_loss': 0.03378412872552872, 'kld_loss': 0.0004099607467651367}
step 3200 loss 0.0341 (1461s) {'l1_loss': 0.030690448358654976, 'kld_loss': 0.00033811479806900024}
step 3400 loss 0.0375 (1551s) {'l1_loss': 0.033511050045490265, 'kld_loss': 0.000399257056415081}
step 3600 loss 0.0393 (1644s) {'l1_loss': 0.03555774316191673, 'kld_loss': 0.00036982540041208267}
step 3800 loss 0.0286 (1735s) {'l1_loss': 0.02434850111603737, 'kld_loss': 0.0004277508705854416}
step 4000 loss 0.0303 (1828s) {'l1_loss': 0.027502838522195816, 'kld_loss': 0.00028162822127342224}
step 4200 loss 0.0319 (1919s) {'l1_loss': 0.029527587816119194, 'kld_loss': 0.00023550540208816528}
step 4400 loss 0.0286 (2010s) {'l1_loss': 0.02646234631538391, 'kld_loss': 0.00021758396178483963}
step 4600 loss 0.0260 (2100s) {'l1_loss': 0.023983459919691086, 'kld_loss': 0.0002034306526184082}
step 4800 loss 0.0295 (2193s) {'l1_loss': 0.027938080951571465, 'kld_loss': 0.00015288777649402618}
step 5000 loss 0.0312 (2285s) {'l1_loss': 0.029689041897654533, 'kld_loss': 0.00014960579574108124}
checkpoint -> ckpt/act_lang_r2_step5000
step 5200 loss 0.0305 (2378s) {'l1_loss': 0.028876932337880135, 'kld_loss': 0.00016713514924049377}
step 5400 loss 0.0316 (2467s) {'l1_loss': 0.029195792973041534, 'kld_loss': 0.0002398379147052765}
step 5600 loss 0.0276 (2560s) {'l1_loss': 0.026235364377498627, 'kld_loss': 0.00014049559831619263}
step 5800 loss 0.0327 (2653s) {'l1_loss': 0.03120594471693039, 'kld_loss': 0.00014773663133382797}
step 6000 loss 0.0302 (2745s) {'l1_loss': 0.02789667248725891, 'kld_loss': 0.00023197196424007416}
step 6200 loss 0.0238 (2837s) {'l1_loss': 0.022764816880226135, 'kld_loss': 9.91215929389e-05}
step 6400 loss 0.0246 (2927s) {'l1_loss': 0.023356037214398384, 'kld_loss': 0.00012287963181734085}
step 6600 loss 0.0267 (3019s) {'l1_loss': 0.025320762768387794, 'kld_loss': 0.00014065764844417572}
step 6800 loss 0.0212 (3111s) {'l1_loss': 0.01971457339823246, 'kld_loss': 0.00014916528016328812}
step 7000 loss 0.0294 (3204s) {'l1_loss': 0.02825223281979561, 'kld_loss': 0.0001133400946855545}
step 7200 loss 0.0248 (3294s) {'l1_loss': 0.023559970781207085, 'kld_loss': 0.00012089405208826065}
step 7400 loss 0.0247 (3387s) {'l1_loss': 0.023799797520041466, 'kld_loss': 9.041186422109604e-05}
step 7600 loss 0.0239 (3478s) {'l1_loss': 0.023182373493909836, 'kld_loss': 7.597170770168304e-05}
step 7800 loss 0.0306 (3571s) {'l1_loss': 0.029923586174845695, 'kld_loss': 6.750598549842834e-05}
step 8000 loss 0.0254 (3662s) {'l1_loss': 0.023812949657440186, 'kld_loss': 0.000162431038916111}
step 8200 loss 0.0225 (3753s) {'l1_loss': 0.021540116518735886, 'kld_loss': 9.664800018072128e-05}
step 8400 loss 0.0259 (3846s) {'l1_loss': 0.024493850767612457, 'kld_loss': 0.00013877172023057938}
step 8600 loss 0.0242 (3937s) {'l1_loss': 0.02360447496175766, 'kld_loss': 5.603674799203873e-05}
step 8800 loss 0.0297 (4028s) {'l1_loss': 0.026323579251766205, 'kld_loss': 0.00033549312502145767}
step 9000 loss 0.0248 (4120s) {'l1_loss': 0.023501548916101456, 'kld_loss': 0.0001270100474357605}
step 9200 loss 0.0239 (4213s) {'l1_loss': 0.023060861974954605, 'kld_loss': 8.46637412905693e-05}
step 9400 loss 0.0257 (4305s) {'l1_loss': 0.025185061618685722, 'kld_loss': 5.012098699808121e-05}
step 9600 loss 0.0185 (4396s) {'l1_loss': 0.017543241381645203, 'kld_loss': 9.088311344385147e-05}
step 9800 loss 0.0218 (4488s) {'l1_loss': 0.02108071930706501, 'kld_loss': 6.965920329093933e-05}
step 10000 loss 0.0224 (4580s) {'l1_loss': 0.021537281572818756, 'kld_loss': 8.983537554740906e-05}
checkpoint -> ckpt/act_lang_r2_step10000
step 10200 loss 0.0216 (4672s) {'l1_loss': 0.02106853947043419, 'kld_loss': 5.033053457736969e-05}
step 10400 loss 0.0261 (4764s) {'l1_loss': 0.024763161316514015, 'kld_loss': 0.00013754423707723618}
step 10600 loss 0.0236 (4879s) {'l1_loss': 0.023122575134038925, 'kld_loss': 4.7725625336170197e-05}
step 10800 loss 0.0255 (4979s) {'l1_loss': 0.025089049711823463, 'kld_loss': 3.8664788007736206e-05}
step 11000 loss 0.0262 (5071s) {'l1_loss': 0.02580043487250805, 'kld_loss': 4.179961979389191e-05}
step 11200 loss 0.0264 (5164s) {'l1_loss': 0.026028698310256004, 'kld_loss': 3.9132311940193176e-05}
step 11400 loss 0.0239 (5255s) {'l1_loss': 0.023462165147066116, 'kld_loss': 4.687439650297165e-05}
