WARNING:root:Device 'None' is not available. Switching to 'cuda'.
tasks: ['put the red cube in the left bin', 'put the blue sphere in the right bin', 'put the green cylinder in the left bin']
WARNING:root:'torchcodec' is not available in your platform, falling back to 'pyav' as a default decoder
step 0 loss 81.9757 (1s) {'l1_loss': 0.6700634360313416, 'kld_loss': 8.130563735961914}
step 200 loss 2.0439 (91s) {'l1_loss': 0.3211018145084381, 'kld_loss': 0.17228026688098907}
step 400 loss 1.1105 (180s) {'l1_loss': 0.13683293759822845, 'kld_loss': 0.09736662358045578}
step 600 loss 0.6833 (267s) {'l1_loss': 0.14939109981060028, 'kld_loss': 0.053389400243759155}
step 800 loss 0.4471 (356s) {'l1_loss': 0.11625750362873077, 'kld_loss': 0.03308223560452461}
step 1000 loss 0.2839 (445s) {'l1_loss': 0.08077160269021988, 'kld_loss': 0.020309172570705414}
step 1200 loss 0.2522 (535s) {'l1_loss': 0.0822712630033493, 'kld_loss': 0.016996528953313828}
step 1400 loss 0.2062 (625s) {'l1_loss': 0.08578384667634964, 'kld_loss': 0.012040081433951855}
step 1600 loss 0.1859 (715s) {'l1_loss': 0.07239595055580139, 'kld_loss': 0.011346926912665367}
step 1800 loss 0.1630 (805s) {'l1_loss': 0.07320545613765717, 'kld_loss': 0.008982122875750065}
step 2000 loss 0.1445 (895s) {'l1_loss': 0.06958246976137161, 'kld_loss': 0.007496410049498081}
checkpoint -> ckpt/act_v2_step2000
step 2200 loss 0.1392 (985s) {'l1_loss': 0.07133884727954865, 'kld_loss': 0.006784764118492603}
step 2400 loss 0.1138 (1086s) {'l1_loss': 0.0574423111975193, 'kld_loss': 0.005633176304399967}
step 2600 loss 0.1313 (1300s) {'l1_loss': 0.07767440378665924, 'kld_loss': 0.005363401025533676}
step 2800 loss 0.0992 (1527s) {'l1_loss': 0.04913251847028732, 'kld_loss': 0.005010458640754223}
step 3000 loss 0.1171 (1737s) {'l1_loss': 0.07347333431243896, 'kld_loss': 0.004364628344774246}
step 3200 loss 0.1033 (1966s) {'l1_loss': 0.059401169419288635, 'kld_loss': 0.0043932367116212845}
step 3400 loss 0.0887 (2177s) {'l1_loss': 0.05415692180395126, 'kld_loss': 0.0034581655636429787}
step 3600 loss 0.0802 (2385s) {'l1_loss': 0.045693784952163696, 'kld_loss': 0.003445821814239025}
step 3800 loss 0.0911 (2598s) {'l1_loss': 0.05923830717802048, 'kld_loss': 0.0031856708228588104}
step 4000 loss 0.0804 (2821s) {'l1_loss': 0.057106293737888336, 'kld_loss': 0.0023275455459952354}
checkpoint -> ckpt/act_v2_step4000
step 4200 loss 0.0678 (3032s) {'l1_loss': 0.045877449214458466, 'kld_loss': 0.002191598527133465}
step 4400 loss 0.0602 (3244s) {'l1_loss': 0.036238785833120346, 'kld_loss': 0.002393939532339573}
step 4600 loss 0.0595 (3468s) {'l1_loss': 0.04042992368340492, 'kld_loss': 0.0019087577238678932}
step 4800 loss 0.0730 (3593s) {'l1_loss': 0.05151360481977463, 'kld_loss': 0.0021520406007766724}
